
> jedweb@0.0.0 build
> tsc -b && vite build

src/components/admin/ImageUpload.tsx(20,10): error TS6133: 'isUploading' is declared but its value is never read.
src/pages/admin/pages/AdminShows.tsx(3,24): error TS6133: 'doc' is declared but its value is never read.
src/pages/admin/pages/AdminShows.tsx(3,29): error TS6133: 'setDoc' is declared but its value is never read.
src/pages/admin/pages/AdminShows.tsx(6,7): error TS6133: 'db' is declared but its value is never read.
src/pages/admin/pages/AdminStats.tsx(2,43): error TS6133: 'orderBy' is declared but its value is never read.
src/pages/admin/pages/AdminStats.tsx(2,52): error TS6133: 'limit' is declared but its value is never read.
